###############################################################################
#
# IAR ELF Linker V8.50.9.278/W32 for ARM                  27/Mar/2021  11:58:50
# Copyright 2007-2020 IAR Systems AB.
#
#    Output file  =
#        C:\Users\hviei\Documents\GitHub\EK-TM4C1294_SM_IAR8\Projects\aapcs\Debug\Exe\aapcs.out
#    Map file     =
#        C:\Users\hviei\Documents\GitHub\EK-TM4C1294_SM_IAR8\Projects\aapcs\Debug\List\aapcs.map
#    Command line =
#        -f C:\Users\hviei\AppData\Local\Temp\EWF67F.tmp
#        (C:\Users\hviei\Documents\GitHub\EK-TM4C1294_SM_IAR8\Projects\aapcs\Debug\Obj\main.o
#        --no_out_extension -o
#        C:\Users\hviei\Documents\GitHub\EK-TM4C1294_SM_IAR8\Projects\aapcs\Debug\Exe\aapcs.out
#        --map
#        C:\Users\hviei\Documents\GitHub\EK-TM4C1294_SM_IAR8\Projects\aapcs\Debug\List\aapcs.map
#        --config "C:\Program Files (x86)\IAR Systems\Embedded Workbench
#        8.5\arm\CONFIG\generic_cortex.icf" --semihosting --entry
#        __iar_program_start --vfe --text_out locale)
#
###############################################################################

*******************************************************************************
*** RUNTIME MODEL ATTRIBUTES
***

CppFlavor       = *
__SystemLibrary = DLib
__dlib_version  = 6


*******************************************************************************
*** HEAP SELECTION
***

The basic heap was selected because some modules are built with
size limitations (and not runtime checking), and --advanced_heap
was not specified.


*******************************************************************************
*** PLACEMENT SUMMARY
***

"A0":  place at address 0x0 { ro section .intvec };
"P1":  place in [from 0x0 to 0x7'ffff] { ro };
define block CSTACK with size = 1K, alignment = 8 { };
define block PROC_STACK with size = 0, alignment = 8 { };
define block HEAP with size = 2K, alignment = 8 { };
"P2":  place in [from 0x2000'0000 to 0x2000'ffff] {
          rw, block CSTACK, block PROC_STACK, block HEAP };
initialize by copy { rw };

  Section            Kind         Address   Size  Object
  -------            ----         -------   ----  ------
"A0":                                       0x40
  .intvec            ro code          0x0   0x40  vector_table_M.o [3]
                                   - 0x40   0x40

"P1":                                      0x418
  .text              ro code         0x40  0x134  xprintftiny.o [2]
  .text              ro code        0x174   0x36  strlen.o [3]
  .text              ro code        0x1aa   0x2e  copy_init3.o [3]
  .text              ro code        0x1d8   0x7c  iarttio.o [4]
  .text              ro code        0x254   0x3c  XShttio.o [2]
  .text              ro code        0x290   0x30  main.o [1]
  .text              ro code        0x2c0   0x28  printf.o [2]
  .text              ro code        0x2e8   0x28  data_init.o [3]
  .text              ro code        0x310   0x22  iarwrite.o [4]
  .iar.init_table    const          0x334   0x14  - Linker created -
  .text              ro code        0x348   0x20  putchar.o [2]
  .text              ro code        0x368   0x10  write.o [4]
  .text              ro code        0x378   0x1e  dwrite.o [4]
  .text              ro code        0x396   0x20  iarwstd.o [4]
  .text              ro code        0x3b8   0x1e  cmain.o [3]
  .text              ro code        0x3d6    0x4  low_level_init.o [2]
  .text              ro code        0x3da    0x4  exit.o [2]
  .text              ro code        0x3de    0x2  vector_table_M.o [3]
  .text              ro code        0x3e0    0xa  cexit.o [3]
  .text              ro code        0x3ec   0x14  exit.o [4]
  .text              ro code        0x400   0x1c  cstartup_M.o [3]
  .rodata            const          0x41c   0x18  main.o [1]
  .text              ro code        0x434   0x16  xprout.o [2]
  Initializer bytes  const          0x44c    0xc  <for P2-1>
  .rodata            const          0x458    0x0  copy_init3.o [3]
                                  - 0x458  0x418

"P2", part 1 of 2:                           0xc
  P2-1                        0x2000'0000    0x9  <Init block>
    .data            inited   0x2000'0000    0x8  XShttio.o [2]
    .bss             inited   0x2000'0008    0x1  XShttio.o [2]
                            - 0x2000'0009    0x9

"P2", part 2 of 2:                         0x400
  CSTACK                      0x2000'0010  0x400  <Block>
    CSTACK           uninit   0x2000'0010  0x400  <Block tail>
                            - 0x2000'0410  0x400

Unused ranges:

         From           To      Size
         ----           --      ----
        0x458     0x7'ffff  0x7'fba8
  0x2000'000c  0x2000'000f       0x4
  0x2000'0410  0x2000'ffff    0xfbf0


*******************************************************************************
*** INIT TABLE
***

          Address      Size
          -------      ----
Copy (__iar_copy_init3)
    1 source range, total size 0xc (133% of destination):
                0x44c   0xc
    1 destination range, total size 0x9:
          0x2000'0000   0x9



*******************************************************************************
*** MODULE SUMMARY
***

    Module            ro code  ro data  rw data
    ------            -------  -------  -------
command line/config:
    -------------------------------------------
    Total:

C:\Users\hviei\Documents\GitHub\EK-TM4C1294_SM_IAR8\Projects\aapcs\Debug\Obj: [1]
    main.o                 48       24
    -------------------------------------------
    Total:                 48       24

dl7M_tln.a: [2]
    XShttio.o              60        9        9
    exit.o                  4
    low_level_init.o        4
    printf.o               40
    putchar.o              32
    xprintftiny.o         308
    xprout.o               22
    -------------------------------------------
    Total:                470        9        9

rt7M_tl.a: [3]
    cexit.o                10
    cmain.o                30
    copy_init3.o           46
    cstartup_M.o           28
    data_init.o            40
    strlen.o               54
    vector_table_M.o       66
    -------------------------------------------
    Total:                274

shb_l.a: [4]
    dwrite.o               30
    exit.o                 20
    iarttio.o             124
    iarwrite.o             34
    iarwstd.o              32
    write.o                16
    -------------------------------------------
    Total:                256

    Gaps                    4        2
    Linker created                  25    1'024
-----------------------------------------------
    Grand Total:        1'052       60    1'033


*******************************************************************************
*** ENTRY LIST
***

Entry                       Address   Size  Type      Object
-----                       -------   ----  ----      ------
.iar.init_table$$Base         0x334          --   Gb  - Linker created -
.iar.init_table$$Limit        0x348          --   Gb  - Linker created -
?main                         0x3b9         Code  Gb  cmain.o [3]
CSTACK$$Base            0x2000'0010          --   Gb  - Linker created -
CSTACK$$Limit           0x2000'0410          --   Gb  - Linker created -
Region$$Table$$Base           0x334          --   Gb  - Linker created -
Region$$Table$$Limit          0x348          --   Gb  - Linker created -
_PrintfTiny                    0x59  0x11c  Code  Gb  xprintftiny.o [2]
_Prout                        0x435   0x16  Code  Gb  xprout.o [2]
__cmain                       0x3b9         Code  Gb  cmain.o [3]
__dwrite                      0x379   0x1e  Code  Gb  dwrite.o [4]
__exit                        0x3ed   0x14  Code  Gb  exit.o [4]
__iar_close_ttio              0x1d9   0x2c  Code  Gb  iarttio.o [4]
__iar_copy_init3              0x1ab   0x2e  Code  Gb  copy_init3.o [3]
__iar_data_init3              0x2e9   0x28  Code  Gb  data_init.o [3]
__iar_get_ttio                0x205   0x4c  Code  Gb  iarttio.o [4]
__iar_lookup_ttioh            0x283    0x4  Code  Gb  XShttio.o [2]
__iar_program_start           0x401         Code  Gb  cstartup_M.o [3]
__iar_sh_stdout               0x397   0x20  Code  Gb  iarwstd.o [4]
__iar_sh_write                0x311   0x22  Code  Gb  iarwrite.o [4]
__iar_ttio_guard_lock         0x255   0x1e  Code  Gb  XShttio.o [2]
__iar_ttio_guard_unlock
                              0x273   0x10  Code  Gb  XShttio.o [2]
__iar_ttio_handles      0x2000'0000    0x8  Data  Lc  XShttio.o [2]
__low_level_init              0x3d7    0x4  Code  Gb  low_level_init.o [2]
__vector_table                  0x0         Data  Gb  vector_table_M.o [3]
__write                       0x369   0x10  Code  Gb  write.o [4]
_call_main                    0x3c5         Code  Gb  cmain.o [3]
_exit                         0x3e1         Code  Gb  cexit.o [3]
_main                         0x3cf         Code  Gb  cmain.o [3]
exit                          0x3db    0x4  Code  Gb  exit.o [2]
main                          0x291   0x30  Code  Gb  main.o [1]
out                            0x41   0x18  Code  Lc  xprintftiny.o [2]
printf                        0x2c1   0x28  Code  Gb  printf.o [2]
putchar                       0x349   0x20  Code  Gb  putchar.o [2]
strlen                        0x175         Code  Gb  strlen.o [3]
ttio_guard              0x2000'0008    0x1  Data  Lc  XShttio.o [2]


[1] = C:\Users\hviei\Documents\GitHub\EK-TM4C1294_SM_IAR8\Projects\aapcs\Debug\Obj
[2] = dl7M_tln.a
[3] = rt7M_tl.a
[4] = shb_l.a

  1'052 bytes of readonly  code memory
     60 bytes of readonly  data memory
  1'033 bytes of readwrite data memory

Errors: none
Warnings: none
